[mobiledirectflooring.com/index.html]
[backblue.gif]
[fade.gif]
[index.html]
[mobiledirectflooring.com/wp-includes/js/jquery/jqueryb8ff.js]
[mobiledirectflooring.com/wp-includes/js/jquery/jquery-migrate.min330a.js]
[mobiledirectflooring.com/feed/index.html]
[mobiledirectflooring.com/wp-content/plugins/divi-overlays/overlay-effects/js/snap.svg-min55fe.js]
[mobiledirectflooring.com/comments/feed/index.html]
[mobiledirectflooring.com/wp-content/plugins/divi-overlays/overlay-effects/js/modernizr.custom55fe.js]
[mobiledirectflooring.com/wp-json/index.html]
[mobiledirectflooring.com/wp-json/oembed/1.0/embedbb3b.json]
[mobiledirectflooring.com/wp-json/oembed/1.0/embedf966]
[mobiledirectflooring.com/wp-content/uploads/2018/04/mdf-logo-500px.png]
[mobiledirectflooring.com/financing-for-flooring/index.html]
[mobiledirectflooring.com/carpet-flooring/index.html]
[mobiledirectflooring.com/laminate-flooring/index.html]
[mobiledirectflooring.com/hardwood-flooring/index.html]
[mobiledirectflooring.com/vinyl-flooring/index.html]
[mobiledirectflooring.com/tile-flooring/index.html]
[mobiledirectflooring.com/flooring-special/index.html]
[mobiledirectflooring.com/about-us/index.html]
[mobiledirectflooring.com/contact-us/index.html]
[mobiledirectflooring.com/area-we-serve/index.html]
[mobiledirectflooring.com/schedule/index.html]
[mobiledirectflooring.com/wp-content/uploads/2018/03/mdf-van.jpg]
[mobiledirectflooring.com/wp-content/uploads/2018/03/carpet.jpg]
[mobiledirectflooring.com/wp-content/uploads/2018/03/laminate.jpg]
[mobiledirectflooring.com/wp-content/uploads/2018/03/hardwood.jpg]
[mobiledirectflooring.com/wp-content/uploads/2018/03/vinyl.jpg]
[mobiledirectflooring.com/wp-content/uploads/2018/04/tiles-1.jpg]
[mobiledirectflooring.com/wp-content/uploads/2018/04/0-Financing-van-1.png]
[mobiledirectflooring.com/wp-content/uploads/2018/04/Carpet-2-1.png]
[mobiledirectflooring.com/wp-content/uploads/2018/04/Laminate-1.png]
[mobiledirectflooring.com/wp-content/uploads/2018/03/sponsors.jpg]
[mobiledirectflooring.com/wp-content/uploads/2018/04/img-1068-sml-png-a17b9aef1b98b9ee35c16a-original.png]
[mobiledirectflooring.com/wp-content/uploads/2018/04/logonew-update-white.png]
[mobiledirectflooring.com/thank-you-schedule/index.html]
[mobiledirectflooring.com/wp-content/plugins/contact-form-7/includes/js/scripts972f.js]
[mobiledirectflooring.com/wp-content/plugins/wpcf7-redirect/js/wpcf7-redirect-script.js]
[mobiledirectflooring.com/wp-content/themes/Divi/js/custom.mindeae.js]
[mobiledirectflooring.com/wp-content/themes/Divi/core/admin/js/commondeae.js]
[mobiledirectflooring.com/wp-includes/js/wp-embed.min55fe.js]
[mobiledirectflooring.com/wp-content/plugins/divi-overlays/overlay-effects/js/jquery.exitintent.min55fe.js]
[mobiledirectflooring.com/wp-content/plugins/divi-overlays/overlay-effects/js/custom55fe.js]
[mobiledirectflooring.com/wp-content/uploads/2018/04/slider-image1.jpg]
[mobiledirectflooring.com/index.html]
[mobiledirectflooring.com/xmlrpc.html]
[mobiledirectflooring.com/xmlrpc0db0.html]
[mobiledirectflooring.com/wp-content/gadugi.html]
[mobiledirectflooring.com/wp-json/oembed/1.0/embed86c9.json]
[mobiledirectflooring.com/wp-json/oembed/1.0/embed3ff8]
[mobiledirectflooring.com/wp-content/uploads/2018/03/dog-and-child-in-the-carpet.jpg]
[mobiledirectflooring.com/wp-content/uploads/2018/04/Tile-2.png]
[mobiledirectflooring.com/wp-content/uploads/2018/04/Hardwood-2.png]
[mobiledirectflooring.com/wp-content/uploads/2018/04/tile-hardwood-looking.jpg]
[mobiledirectflooring.com/wp-content/themes/Divi/js/custom.min4f62.js]
[mobiledirectflooring.com/wp-content/plugins/bloom/core/admin/js/common128b.js]
[mobiledirectflooring.com/financing-for-flooring/index.html]
[mobiledirectflooring.com/wp-json/oembed/1.0/embed1ff5.json]
[mobiledirectflooring.com/wp-json/oembed/1.0/embeda891]
[mobiledirectflooring.com/wp-content/uploads/2018/04/0-Financing-no-van-1.png]
[mobiledirectflooring.com/wp-content/uploads/2018/04/EXTRAFOOTAGE-0196-2-e1523590175347.jpg]
[mobiledirectflooring.com/wp-content/uploads/2018/04/kids-camping-carpet.png]
[mobiledirectflooring.com/carpet-flooring/index.html]
[mobiledirectflooring.com/wp-json/oembed/1.0/embed56e7.json]
[mobiledirectflooring.com/wp-json/oembed/1.0/embedebeb]
[mobiledirectflooring.com/laminate-flooring/index.html]
[mobiledirectflooring.com/wp-content/uploads/2018/04/laminate-flooring-CDL31.jpg]
[mobiledirectflooring.com/wp-json/oembed/1.0/embed1e14.json]
[mobiledirectflooring.com/wp-json/oembed/1.0/embed977b]
[mobiledirectflooring.com/hardwood-flooring/index.html]
[mobiledirectflooring.com/wp-content/uploads/2018/04/bedroom-hardwood-WED0351.png]
[mobiledirectflooring.com/wp-json/oembed/1.0/embed2533.json]
[mobiledirectflooring.com/wp-json/oembed/1.0/embed5444]
[mobiledirectflooring.com/wp-content/uploads/2018/04/luxury-vinyl-kitchen.png]
[mobiledirectflooring.com/wp-content/uploads/2018/04/Vinyl-1.png]
[mobiledirectflooring.com/wp-content/uploads/2018/04/bathtub-luxury-vinyl-1.png]
[mobiledirectflooring.com/vinyl-flooring/index.html]
[mobiledirectflooring.com/wp-json/oembed/1.0/embed9f2c.json]
[mobiledirectflooring.com/wp-json/oembed/1.0/embedbb0f]
[mobiledirectflooring.com/tile-flooring/index.html]
[mobiledirectflooring.com/wp-content/uploads/2018/04/Tile-Flooring-T839-BB17.jpg]
[mobiledirectflooring.com/wp-json/oembed/1.0/embedd5a8.json]
[mobiledirectflooring.com/wp-json/oembed/1.0/embed9067]
[mobiledirectflooring.com/wp-content/uploads/2018/04/carpet-baby-1-GENTLE_ESSENCE-1-e1523916624849.jpg]
[mobiledirectflooring.com/wp-content/uploads/2018/04/250-off-carpeting.png]
[mobiledirectflooring.com/flooring-special/index.html]
[mobiledirectflooring.com/wp-json/oembed/1.0/embeded17.json]
[mobiledirectflooring.com/wp-json/oembed/1.0/embed4bd7]
[mobiledirectflooring.com/wp-content/uploads/2018/04/living-room-flooring-T828-LL03.jpg]
[mobiledirectflooring.com/wp-content/uploads/2018/04/flooring-expert-installing.jpg]
[mobiledirectflooring.com/wp-content/uploads/2018/04/semi-transbgtransparent.png]
[mobiledirectflooring.com/about-us/index.html]
[mobiledirectflooring.com/wp-json/oembed/1.0/embed621f.json]
[mobiledirectflooring.com/wp-json/oembed/1.0/embed7537]
[mobiledirectflooring.com/wp-content/uploads/2018/04/brown-flooring.jpg]
[mobiledirectflooring.com/wp-content/uploads/2018/04/truck.png]
[mobiledirectflooring.com/contact-us/index.html]
[mobiledirectflooring.com/wp-json/oembed/1.0/embed099a.json]
[mobiledirectflooring.com/wp-json/oembed/1.0/embed2258]
[mobiledirectflooring.com/area-we-serve/index.html]
[mobiledirectflooring.com/wp-content/uploads/2018/04/T838-DV01-640x510.jpg]
[mobiledirectflooring.com/wp-json/oembed/1.0/embedfb1a.json]
[mobiledirectflooring.com/wp-json/oembed/1.0/embedc758]
[mobiledirectflooring.com/schedule/index.html]
[mobiledirectflooring.com/wp-content/uploads/2018/04/schedule-bg.jpg]
[mobiledirectflooring.com/wp-json/oembed/1.0/embedb75d.json]
[mobiledirectflooring.com/wp-json/oembed/1.0/embedbe42]
[mobiledirectflooring.com/thank-you-schedule/index.html]
[mobiledirectflooring.com/wp-content/plugins/divi-overlays/ajax-handler-wp.html]
[mobiledirectflooring.com/indexc807.html]
[mobiledirectflooring.com/indexc573.html]
[mobiledirectflooring.com/index50f6.html]
[mobiledirectflooring.com/index9fa1.html]
[mobiledirectflooring.com/indexcfe0.html]
[mobiledirectflooring.com/indexc190.html]
[mobiledirectflooring.com/indexd251.html]
[mobiledirectflooring.com/index486a.html]
[mobiledirectflooring.com/index4720.html]
[mobiledirectflooring.com/index0ced.html]
[mobiledirectflooring.com/index3cee.html]
[mobiledirectflooring.com/index80a3.html]
